V3 23
FL /home/ga69kaw/vhdl_system_design_lab/workspace/Exercise1/direct_implementation/addop.vhd 2015/11/03.15:11:09 P.20131013
EN work/addop 1447072764 \
      FL /home/ga69kaw/vhdl_system_design_lab/workspace/Exercise1/direct_implementation/addop.vhd \
      PB ieee/std_logic_1164 1381692176 PB ieee/NUMERIC_STD 1381692181
AR work/addop/Behavioral 1447072765 \
      FL /home/ga69kaw/vhdl_system_design_lab/workspace/Exercise1/direct_implementation/addop.vhd \
      EN work/addop 1447072764
FL /home/ga69kaw/vhdl_system_design_lab/workspace/Exercise1/direct_implementation/idea.vhd 2015/11/04.14:35:03 P.20131013
EN work/idea 1447072772 \
      FL /home/ga69kaw/vhdl_system_design_lab/workspace/Exercise1/direct_implementation/idea.vhd \
      PB ieee/std_logic_1164 1381692176
AR work/idea/Behavioral 1447072773 \
      FL /home/ga69kaw/vhdl_system_design_lab/workspace/Exercise1/direct_implementation/idea.vhd \
      EN work/idea 1447072772 CP trafo CP round
FL /home/ga69kaw/vhdl_system_design_lab/workspace/Exercise1/direct_implementation/mulop.vhd 2015/11/04.14:35:06 P.20131013
EN work/mulop 1447072762 \
      FL /home/ga69kaw/vhdl_system_design_lab/workspace/Exercise1/direct_implementation/mulop.vhd \
      PB ieee/std_logic_1164 1381692176 PB ieee/NUMERIC_STD 1381692181
AR work/mulop/Behavioral 1447072763 \
      FL /home/ga69kaw/vhdl_system_design_lab/workspace/Exercise1/direct_implementation/mulop.vhd \
      EN work/mulop 1447072762
FL /home/ga69kaw/vhdl_system_design_lab/workspace/Exercise1/direct_implementation/round.vhd 2015/11/04.14:35:09 P.20131013
EN work/round 1447072770 \
      FL /home/ga69kaw/vhdl_system_design_lab/workspace/Exercise1/direct_implementation/round.vhd \
      PB ieee/std_logic_1164 1381692176
AR work/round/Behavioral 1447072771 \
      FL /home/ga69kaw/vhdl_system_design_lab/workspace/Exercise1/direct_implementation/round.vhd \
      EN work/round 1447072770 CP mulop CP addop CP xorop
FL /home/ga69kaw/vhdl_system_design_lab/workspace/Exercise1/direct_implementation/trafo.vhd 2015/11/04.14:35:33 P.20131013
EN work/trafo 1447072768 \
      FL /home/ga69kaw/vhdl_system_design_lab/workspace/Exercise1/direct_implementation/trafo.vhd \
      PB ieee/std_logic_1164 1381692176
AR work/trafo/Behavioral 1447072769 \
      FL /home/ga69kaw/vhdl_system_design_lab/workspace/Exercise1/direct_implementation/trafo.vhd \
      EN work/trafo 1447072768 CP mulop CP addop
FL /home/ga69kaw/vhdl_system_design_lab/workspace/Exercise1/direct_implementation/xorop.vhd 2015/11/02.12:48:26 P.20131013
EN work/xorop 1447072766 \
      FL /home/ga69kaw/vhdl_system_design_lab/workspace/Exercise1/direct_implementation/xorop.vhd \
      PB ieee/std_logic_1164 1381692176
AR work/xorop/Behavioral 1447072767 \
      FL /home/ga69kaw/vhdl_system_design_lab/workspace/Exercise1/direct_implementation/xorop.vhd \
      EN work/xorop 1447072766
