V3 23
FL /home/ga69kaw/vhdl_system_design_lab/workspace/Exercise1/direct_implementation_abgabe/direct_implementation/addop.vhd 2015/11/04.15:23:03 O.61xd
EN work/addop 1446648171 \
      FL /home/ga69kaw/vhdl_system_design_lab/workspace/Exercise1/direct_implementation_abgabe/direct_implementation/addop.vhd \
      PB ieee/std_logic_1164 1308643377 PB ieee/NUMERIC_STD 1308643378
AR work/addop/Behavioral 1446648172 \
      FL /home/ga69kaw/vhdl_system_design_lab/workspace/Exercise1/direct_implementation_abgabe/direct_implementation/addop.vhd \
      EN work/addop 1446648171
FL /home/ga69kaw/vhdl_system_design_lab/workspace/Exercise1/direct_implementation_abgabe/direct_implementation/idea.vhd 2015/11/04.15:26:42 O.61xd
EN work/idea 1446648141 \
      FL /home/ga69kaw/vhdl_system_design_lab/workspace/Exercise1/direct_implementation_abgabe/direct_implementation/idea.vhd \
      PB ieee/std_logic_1164 1308643377
AR work/idea/Behavioral 1446648142 \
      FL /home/ga69kaw/vhdl_system_design_lab/workspace/Exercise1/direct_implementation_abgabe/direct_implementation/idea.vhd \
      EN work/idea 1446648141 CP trafo CP round
FL /home/ga69kaw/vhdl_system_design_lab/workspace/Exercise1/direct_implementation_abgabe/direct_implementation/mulop.vhd 2015/11/04.15:24:42 O.61xd
EN work/mulop 1446648169 \
      FL /home/ga69kaw/vhdl_system_design_lab/workspace/Exercise1/direct_implementation_abgabe/direct_implementation/mulop.vhd \
      PB ieee/std_logic_1164 1308643377 PB ieee/NUMERIC_STD 1308643378
AR work/mulop/Behavioral 1446648170 \
      FL /home/ga69kaw/vhdl_system_design_lab/workspace/Exercise1/direct_implementation_abgabe/direct_implementation/mulop.vhd \
      EN work/mulop 1446648169
FL /home/ga69kaw/vhdl_system_design_lab/workspace/Exercise1/direct_implementation_abgabe/direct_implementation/round.vhd 2015/11/04.15:25:43 O.61xd
EN work/round 1446648175 \
      FL /home/ga69kaw/vhdl_system_design_lab/workspace/Exercise1/direct_implementation_abgabe/direct_implementation/round.vhd \
      PB ieee/std_logic_1164 1308643377
AR work/round/Behavioral 1446648176 \
      FL /home/ga69kaw/vhdl_system_design_lab/workspace/Exercise1/direct_implementation_abgabe/direct_implementation/round.vhd \
      EN work/round 1446648175 CP mulop CP addop CP xorop
FL /home/ga69kaw/vhdl_system_design_lab/workspace/Exercise1/direct_implementation_abgabe/direct_implementation/trafo.vhd 2015/11/04.15:26:15 O.61xd
EN work/trafo 1446648137 \
      FL /home/ga69kaw/vhdl_system_design_lab/workspace/Exercise1/direct_implementation_abgabe/direct_implementation/trafo.vhd \
      PB ieee/std_logic_1164 1308643377
AR work/trafo/Behavioral 1446648138 \
      FL /home/ga69kaw/vhdl_system_design_lab/workspace/Exercise1/direct_implementation_abgabe/direct_implementation/trafo.vhd \
      EN work/trafo 1446648137 CP mulop CP addop
FL /home/ga69kaw/vhdl_system_design_lab/workspace/Exercise1/direct_implementation_abgabe/direct_implementation/xorop.vhd 2015/11/04.15:23:34 O.61xd
EN work/xorop 1446648173 \
      FL /home/ga69kaw/vhdl_system_design_lab/workspace/Exercise1/direct_implementation_abgabe/direct_implementation/xorop.vhd \
      PB ieee/std_logic_1164 1308643377
AR work/xorop/Behavioral 1446648174 \
      FL /home/ga69kaw/vhdl_system_design_lab/workspace/Exercise1/direct_implementation_abgabe/direct_implementation/xorop.vhd \
      EN work/xorop 1446648173
