EN multiplexer NULL /home/superus/vhdl_system_design/workspace/idea_rcs1/idea_rcs1/multiplexer.vhd sub00/vhpl16 1447846777
EN rxcver NULL /home/superus/vhdl_system_design/workspace/idea_rcs1/idea_rcs1/rxcver.vhd sub00/vhpl22 1447846783
AR idea_com_inner behavioral /home/superus/vhdl_system_design/workspace/idea_rcs1/idea_rcs1/idea_com_inner.vhd sub00/vhpl31 1447846792
AR clk_div behavioral /home/superus/vhdl_system_design/workspace/idea_rcs1/idea_rcs1/clk_div.vhd sub00/vhpl29 1447846790
AR addop behavioral /home/superus/vhdl_system_design/workspace/Exercise1/direct_implementation/addop.vhd sub00/vhpl01 1447846766
EN mulop NULL /home/superus/vhdl_system_design/workspace/Exercise1/direct_implementation/mulop.vhd sub00/vhpl04 1447846763
EN trafo NULL /home/superus/vhdl_system_design/workspace/Exercise1/direct_implementation/trafo.vhd sub00/vhpl12 1447846773
AR round behavioral /home/superus/vhdl_system_design/workspace/Exercise1/direct_implementation/round.vhd sub00/vhpl15 1447846776
EN addop NULL /home/superus/vhdl_system_design/workspace/Exercise1/direct_implementation/addop.vhd sub00/vhpl00 1447846765
AR trafo behavioral /home/superus/vhdl_system_design/workspace/Exercise1/direct_implementation/trafo.vhd sub00/vhpl13 1447846774
EN idea_com NULL /home/superus/vhdl_system_design/workspace/idea_rcs1/idea_rcs1/idea_com.vhd sub00/vhpl32 1447846793
EN tb_addop NULL /home/superus/vhdl_system_design/workspace/Exercise1/direct_implementation/tb_addop.vhd sub00/vhpl02 1447838404
EN keygen NULL /home/superus/vhdl_system_design/workspace/idea_rcs1/idea_rcs1/keygen.vhd sub00/vhpl18 1447846779
AR uart behavior /home/superus/vhdl_system_design/workspace/idea_rcs1/idea_rcs1/uart.vhd sub00/vhpl25 1447846786
EN register_16bit NULL /home/superus/vhdl_system_design/workspace/idea_rcs1/idea_rcs1/register.vhd sub00/vhpl08 1447846769
AR rxcver behavior /home/superus/vhdl_system_design/workspace/idea_rcs1/idea_rcs1/rxcver.vhd sub00/vhpl23 1447846784
AR idea_single behavioral /home/superus/vhdl_system_design/workspace/idea_rcs1/idea_rcs1/idea_single.vhd sub00/vhpl27 1447846788
AR txmit behavior /home/superus/vhdl_system_design/workspace/idea_rcs1/idea_rcs1/txmit.vhd sub00/vhpl21 1447846782
EN round NULL /home/superus/vhdl_system_design/workspace/Exercise1/direct_implementation/round.vhd sub00/vhpl14 1447846775
AR idea_com behavioral /home/superus/vhdl_system_design/workspace/idea_rcs1/idea_rcs1/idea_com.vhd sub00/vhpl33 1447846794
AR tb_addop behavior /home/superus/vhdl_system_design/workspace/Exercise1/direct_implementation/tb_addop.vhd sub00/vhpl03 1447838405
EN xorop NULL /home/superus/vhdl_system_design/workspace/Exercise1/direct_implementation/xorop.vhd sub00/vhpl06 1447846767
EN control NULL /home/superus/vhdl_system_design/workspace/idea_rcs1/idea_rcs1/control.vhd sub00/vhpl10 1447846771
AR mulop behavioral /home/superus/vhdl_system_design/workspace/Exercise1/direct_implementation/mulop.vhd sub00/vhpl05 1447846764
EN txmit NULL /home/superus/vhdl_system_design/workspace/idea_rcs1/idea_rcs1/txmit.vhd sub00/vhpl20 1447846781
AR control behavioral /home/superus/vhdl_system_design/workspace/idea_rcs1/idea_rcs1/control.vhd sub00/vhpl11 1447846772
AR register_16bit behavioral /home/superus/vhdl_system_design/workspace/idea_rcs1/idea_rcs1/register.vhd sub00/vhpl09 1447846770
EN uart NULL /home/superus/vhdl_system_design/workspace/idea_rcs1/idea_rcs1/uart.vhd sub00/vhpl24 1447846785
EN clk_div NULL /home/superus/vhdl_system_design/workspace/idea_rcs1/idea_rcs1/clk_div.vhd sub00/vhpl28 1447846789
AR xorop behavioral /home/superus/vhdl_system_design/workspace/Exercise1/direct_implementation/xorop.vhd sub00/vhpl07 1447846768
EN idea_single NULL /home/superus/vhdl_system_design/workspace/idea_rcs1/idea_rcs1/idea_single.vhd sub00/vhpl26 1447846787
AR keygen behavioral /home/superus/vhdl_system_design/workspace/idea_rcs1/idea_rcs1/keygen.vhd sub00/vhpl19 1447846780
AR multiplexer behavioral /home/superus/vhdl_system_design/workspace/idea_rcs1/idea_rcs1/multiplexer.vhd sub00/vhpl17 1447846778
EN idea_com_inner NULL /home/superus/vhdl_system_design/workspace/idea_rcs1/idea_rcs1/idea_com_inner.vhd sub00/vhpl30 1447846791
