V3 66
FL /home/superus/vhdl_system_design/workspace/Exercise1/direct_implementation/addop.vhd 2015/11/15.12:04:20 P.20131013
EN work/addop 1447846765 \
      FL /home/superus/vhdl_system_design/workspace/Exercise1/direct_implementation/addop.vhd \
      PB ieee/std_logic_1164 1381692176 PB ieee/NUMERIC_STD 1381692181
AR work/addop/Behavioral 1447846766 \
      FL /home/superus/vhdl_system_design/workspace/Exercise1/direct_implementation/addop.vhd \
      EN work/addop 1447846765
FL /home/superus/vhdl_system_design/workspace/Exercise1/direct_implementation/mulop.vhd 2015/11/15.12:04:20 P.20131013
EN work/mulop 1447846763 \
      FL /home/superus/vhdl_system_design/workspace/Exercise1/direct_implementation/mulop.vhd \
      PB ieee/std_logic_1164 1381692176 PB ieee/NUMERIC_STD 1381692181
AR work/mulop/Behavioral 1447846764 \
      FL /home/superus/vhdl_system_design/workspace/Exercise1/direct_implementation/mulop.vhd \
      EN work/mulop 1447846763
FL /home/superus/vhdl_system_design/workspace/Exercise1/direct_implementation/round.vhd 2015/11/15.12:04:20 P.20131013
EN work/round 1447846775 \
      FL /home/superus/vhdl_system_design/workspace/Exercise1/direct_implementation/round.vhd \
      PB ieee/std_logic_1164 1381692176
AR work/round/Behavioral 1447846776 \
      FL /home/superus/vhdl_system_design/workspace/Exercise1/direct_implementation/round.vhd \
      EN work/round 1447846775 CP mulop CP addop CP xorop
FL /home/superus/vhdl_system_design/workspace/Exercise1/direct_implementation/tb_addop.vhd 2015/11/15.12:04:20 P.20131013
EN work/tb_addop 1447838404 \
      FL /home/superus/vhdl_system_design/workspace/Exercise1/direct_implementation/tb_addop.vhd \
      PB ieee/std_logic_1164 1381692176
AR work/tb_addop/behavior 1447838405 \
      FL /home/superus/vhdl_system_design/workspace/Exercise1/direct_implementation/tb_addop.vhd \
      EN work/tb_addop 1447838404 CP addop
FL /home/superus/vhdl_system_design/workspace/Exercise1/direct_implementation/trafo.vhd 2015/11/15.12:04:21 P.20131013
EN work/trafo 1447846773 \
      FL /home/superus/vhdl_system_design/workspace/Exercise1/direct_implementation/trafo.vhd \
      PB ieee/std_logic_1164 1381692176
AR work/trafo/Behavioral 1447846774 \
      FL /home/superus/vhdl_system_design/workspace/Exercise1/direct_implementation/trafo.vhd \
      EN work/trafo 1447846773 CP mulop CP addop
FL /home/superus/vhdl_system_design/workspace/Exercise1/direct_implementation/xorop.vhd 2015/11/15.12:04:21 P.20131013
EN work/xorop 1447846767 \
      FL /home/superus/vhdl_system_design/workspace/Exercise1/direct_implementation/xorop.vhd \
      PB ieee/std_logic_1164 1381692176
AR work/xorop/Behavioral 1447846768 \
      FL /home/superus/vhdl_system_design/workspace/Exercise1/direct_implementation/xorop.vhd \
      EN work/xorop 1447846767
FL /home/superus/vhdl_system_design/workspace/idea_rcs1/idea_rcs1/clk_div.vhd 2013/04/08.12:55:06 P.20131013
EN work/clk_div 1447846789 \
      FL /home/superus/vhdl_system_design/workspace/idea_rcs1/idea_rcs1/clk_div.vhd \
      PB ieee/std_logic_1164 1381692176 PB ieee/std_logic_arith 1381692177 \
      PB ieee/STD_LOGIC_UNSIGNED 1381692179
AR work/clk_div/Behavioral 1447846790 \
      FL /home/superus/vhdl_system_design/workspace/idea_rcs1/idea_rcs1/clk_div.vhd \
      EN work/clk_div 1447846789
FL /home/superus/vhdl_system_design/workspace/idea_rcs1/idea_rcs1/control.vhd 2015/11/18.08:31:10 P.20131013
EN work/control 1447846771 \
      FL /home/superus/vhdl_system_design/workspace/idea_rcs1/idea_rcs1/control.vhd \
      PB ieee/std_logic_1164 1381692176 PB ieee/STD_LOGIC_UNSIGNED 1381692179 \
      PB ieee/NUMERIC_STD 1381692181
AR work/control/Behavioral 1447846772 \
      FL /home/superus/vhdl_system_design/workspace/idea_rcs1/idea_rcs1/control.vhd \
      EN work/control 1447846771
FL /home/superus/vhdl_system_design/workspace/idea_rcs1/idea_rcs1/idea_com.vhd 2015/11/18.12:36:15 P.20131013
EN work/idea_com 1447846793 \
      FL /home/superus/vhdl_system_design/workspace/idea_rcs1/idea_rcs1/idea_com.vhd \
      PB ieee/std_logic_1164 1381692176 PB ieee/std_logic_arith 1381692177 \
      PB ieee/STD_LOGIC_UNSIGNED 1381692179
AR work/idea_com/Behavioral 1447846794 \
      FL /home/superus/vhdl_system_design/workspace/idea_rcs1/idea_rcs1/idea_com.vhd \
      EN work/idea_com 1447846793 CP clk_div CP idea_com_inner
FL /home/superus/vhdl_system_design/workspace/idea_rcs1/idea_rcs1/idea_com_inner.vhd 2015/11/18.12:38:53 P.20131013
EN work/idea_com_inner 1447846791 \
      FL /home/superus/vhdl_system_design/workspace/idea_rcs1/idea_rcs1/idea_com_inner.vhd \
      PB ieee/std_logic_1164 1381692176 PB ieee/std_logic_arith 1381692177 \
      PB ieee/STD_LOGIC_UNSIGNED 1381692179
AR work/idea_com_inner/Behavioral 1447846792 \
      FL /home/superus/vhdl_system_design/workspace/idea_rcs1/idea_rcs1/idea_com_inner.vhd \
      EN work/idea_com_inner 1447846791 CP uart CP idea_single CP multiplexer
FL /home/superus/vhdl_system_design/workspace/idea_rcs1/idea_rcs1/idea_single.vhd 2015/11/18.08:14:10 P.20131013
EN work/idea_single 1447846787 \
      FL /home/superus/vhdl_system_design/workspace/idea_rcs1/idea_rcs1/idea_single.vhd \
      PB ieee/std_logic_1164 1381692176
AR work/idea_single/Behavioral 1447846788 \
      FL /home/superus/vhdl_system_design/workspace/idea_rcs1/idea_rcs1/idea_single.vhd \
      EN work/idea_single 1447846787 CP register_16bit CP control CP trafo CP round \
      CP multiplexer CP keygen
FL /home/superus/vhdl_system_design/workspace/idea_rcs1/idea_rcs1/keygen.vhd 2015/11/15.19:18:04 P.20131013
EN work/keygen 1447846779 \
      FL /home/superus/vhdl_system_design/workspace/idea_rcs1/idea_rcs1/keygen.vhd \
      PB ieee/std_logic_1164 1381692176 PB ieee/NUMERIC_STD 1381692181
AR work/keygen/Behavioral 1447846780 \
      FL /home/superus/vhdl_system_design/workspace/idea_rcs1/idea_rcs1/keygen.vhd \
      EN work/keygen 1447846779
FL /home/superus/vhdl_system_design/workspace/idea_rcs1/idea_rcs1/multiplexer.vhd 2015/11/16.05:36:39 P.20131013
EN work/multiplexer 1447846777 \
      FL /home/superus/vhdl_system_design/workspace/idea_rcs1/idea_rcs1/multiplexer.vhd \
      PB ieee/std_logic_1164 1381692176
AR work/multiplexer/Behavioral 1447846778 \
      FL /home/superus/vhdl_system_design/workspace/idea_rcs1/idea_rcs1/multiplexer.vhd \
      EN work/multiplexer 1447846777
FL /home/superus/vhdl_system_design/workspace/idea_rcs1/idea_rcs1/register.vhd 2015/11/16.04:11:41 P.20131013
EN work/register_16bit 1447846769 \
      FL /home/superus/vhdl_system_design/workspace/idea_rcs1/idea_rcs1/register.vhd \
      PB ieee/std_logic_1164 1381692176
AR work/register_16bit/Behavioral 1447846770 \
      FL /home/superus/vhdl_system_design/workspace/idea_rcs1/idea_rcs1/register.vhd \
      EN work/register_16bit 1447846769
FL /home/superus/vhdl_system_design/workspace/idea_rcs1/idea_rcs1/rxcver.vhd 2013/04/08.12:55:06 P.20131013
EN work/rxcver 1447846783 \
      FL /home/superus/vhdl_system_design/workspace/idea_rcs1/idea_rcs1/rxcver.vhd \
      PB ieee/std_logic_1164 1381692176 PB ieee/std_logic_arith 1381692177 \
      PB ieee/std_logic_misc 1381692178 PB ieee/STD_LOGIC_UNSIGNED 1381692179
AR work/rxcver/behavior 1447846784 \
      FL /home/superus/vhdl_system_design/workspace/idea_rcs1/idea_rcs1/rxcver.vhd \
      EN work/rxcver 1447846783
FL /home/superus/vhdl_system_design/workspace/idea_rcs1/idea_rcs1/txmit.vhd 2013/04/08.12:55:06 P.20131013
EN work/txmit 1447846781 \
      FL /home/superus/vhdl_system_design/workspace/idea_rcs1/idea_rcs1/txmit.vhd \
      PB ieee/std_logic_1164 1381692176 PB ieee/std_logic_arith 1381692177 \
      PB ieee/std_logic_misc 1381692178 PB ieee/STD_LOGIC_UNSIGNED 1381692179
AR work/txmit/behavior 1447846782 \
      FL /home/superus/vhdl_system_design/workspace/idea_rcs1/idea_rcs1/txmit.vhd \
      EN work/txmit 1447846781
FL /home/superus/vhdl_system_design/workspace/idea_rcs1/idea_rcs1/uart.vhd 2013/04/08.12:55:06 P.20131013
EN work/uart 1447846785 \
      FL /home/superus/vhdl_system_design/workspace/idea_rcs1/idea_rcs1/uart.vhd \
      PB ieee/std_logic_1164 1381692176 PB ieee/std_logic_arith 1381692177 \
      PB ieee/std_logic_misc 1381692178 PB ieee/STD_LOGIC_UNSIGNED 1381692179
AR work/uart/behavior 1447846786 \
      FL /home/superus/vhdl_system_design/workspace/idea_rcs1/idea_rcs1/uart.vhd \
      EN work/uart 1447846785 CP txmit CP rxcver
